≡ƒÜÇ Starting Local ASCE Wind Speed Test...
≡ƒôì Address: 411 Crusaders Drive, Sanford, NC 27330
≡ƒô╕ Debug screenshots: enabled

≡ƒîÉ Step 1: Navigating to ASCE Hazard Tool...
≡ƒô╕ Screenshot saved: C:\Business\Kilvington Woodworks\Agentic Agents\Knockout Inspections\execution\asce-wind-actor\screenshots\step_01_page_loaded.png
≡ƒöì Step 2: Dismissing modal...
≡ƒöì Checking for modals to dismiss...
Γ£à Dismissed cookie banner
Γ£à Dismissed Welcome modal (hidden via style)
≡ƒô╕ Screenshot saved: C:\Business\Kilvington Woodworks\Agentic Agents\Knockout Inspections\execution\asce-wind-actor\screenshots\step_02_modal_dismissed.png
≡ƒô¥ Step 3: Entering address...
Γ£à Address entered
≡ƒô╕ Screenshot saved: C:\Business\Kilvington Woodworks\Agentic Agents\Knockout Inspections\execution\asce-wind-actor\screenshots\step_03_address_entered.png
≡ƒöì Step 4: Clicking SEARCH...
Γ£à SEARCH clicked
≡ƒô╕ Screenshot saved: C:\Business\Kilvington Woodworks\Agentic Agents\Knockout Inspections\execution\asce-wind-actor\screenshots\step_04_search_clicked.png
≡ƒÄ» Step 5: Selecting Risk Category II...
Γ£à Risk Category selected: II
≡ƒô╕ Screenshot saved: C:\Business\Kilvington Woodworks\Agentic Agents\Knockout Inspections\execution\asce-wind-actor\screenshots\step_05_risk_selected.png
≡ƒÆ¿ Step 6: Selecting Wind hazard...
Γ£à Wind selected
≡ƒô╕ Screenshot saved: C:\Business\Kilvington Woodworks\Agentic Agents\Knockout Inspections\execution\asce-wind-actor\screenshots\step_06_wind_selected.png
≡ƒôè Step 7: Clicking VIEW RESULTS...
Γ£à VIEW RESULTS clicked (by-id-container)
≡ƒô╕ Screenshot saved: C:\Business\Kilvington Woodworks\Agentic Agents\Knockout Inspections\execution\asce-wind-actor\screenshots\step_07_results_page.png
≡ƒôê Step 8: Extracting wind speed...
≡ƒôï Extraction: {"found":true,"windSpeed":"114","unit":"Vmph"}
Γ£à Extracted wind speed: 114 mph
≡ƒô╕ Screenshot saved: C:\Business\Kilvington Woodworks\Agentic Agents\Knockout Inspections\execution\asce-wind-actor\screenshots\step_08_final.png

ΓòÉΓòÉΓòÉΓòÉΓòÉΓòÉΓòÉΓòÉΓòÉΓòÉΓòÉΓòÉΓòÉΓòÉΓòÉΓòÉΓòÉΓòÉΓòÉΓòÉΓòÉΓòÉΓòÉΓòÉΓòÉΓòÉΓòÉΓòÉΓòÉΓòÉΓòÉΓòÉΓòÉΓòÉΓòÉΓòÉΓòÉΓòÉΓòÉ
≡ƒôï RESULT:
{
  "address": "411 Crusaders Drive, Sanford, NC 27330",
  "windSpeed": "114",
  "unit": "mph",
  "riskCategory": "II",
  "success": true,
  "error": null
}
ΓòÉΓòÉΓòÉΓòÉΓòÉΓòÉΓòÉΓòÉΓòÉΓòÉΓòÉΓòÉΓòÉΓòÉΓòÉΓòÉΓòÉΓòÉΓòÉΓòÉΓòÉΓòÉΓòÉΓòÉΓòÉΓòÉΓòÉΓòÉΓòÉΓòÉΓòÉΓòÉΓòÉΓòÉΓòÉΓòÉΓòÉΓòÉΓòÉ
≡ƒô╕ Screenshots saved to: C:\Business\Kilvington Woodworks\Agentic Agents\Knockout Inspections\execution\asce-wind-actor\screenshots

≡ƒöì Browser kept open for inspection. Press Ctrl+C to exit.
